// Jest Snapshot v1, https://goo.gl/fbAQLP

exports[`renders Form component correctly 1`] = `
<form>
  <div
    className="row"
  >
    <div>
      <textarea
        className="materialize-textarea"
        id="text"
        onChange={[Function]}
      />
      <label
        for="text"
      >
        Enter text here...
      </label>
    </div>
  </div>
  <div
    className="row"
  >
    <div>
      <select
        id="method"
        onChange={[Function]}
      >
        <option
          value="Keywords"
        >
          Keywords
        </option>
        <option
          value="Categories"
        >
          Categories
        </option>
        <option
          value="Emotions"
        >
          Emotions
        </option>
      </select>
      <label
        for="method"
      >
        Select...
      </label>
    </div>
    <button
      className="btn waves-effect waves-light"
      name="action"
      onClick={[Function]}
      type="submit"
    >
      <i
        className="material-icons right"
      >
        send
      </i>
    </button>
  </div>
</form>
`;
