// Jest Snapshot v1, https://goo.gl/fbAQLP

exports[`renders Form component correctly 1`] = `
<form>
  <div
    className="row"
  >
    <div>
      <label
        htmlFor="text"
      >
        Enter text to analyze
      </label>
      <textarea
        className="materialize-textarea"
        id="text"
        onChange={[Function]}
      />
    </div>
  </div>
  <div
    className="row"
  >
    <div>
      <label
        htmlFor="select"
      >
        Select method
      </label>
      <select
        className="browser-default"
        id="select"
        onChange={[Function]}
      >
        <option
          value="Keywords"
        >
          Keywords
        </option>
        <option
          value="Categories"
        >
          Categories
        </option>
        <option
          value="Emotions"
        >
          Emotions
        </option>
      </select>
    </div>
    <button
      className="btn waves-effect waves-light"
      name="action"
      onClick={[Function]}
      type="submit"
    >
      <i
        className="material-icons right"
      >
        send
      </i>
    </button>
  </div>
</form>
`;
