// Jest Snapshot v1, https://goo.gl/fbAQLP

exports[`Home page renders correctly 1`] = `
<div
  className="container"
>
  <div>
    <div
      className="row"
    >
      <div
        className="col s4"
      >
        Text
      </div>
      <div
        className="col s8"
      >
        
      </div>
    </div>
    <div
      className="row"
    >
      <div
        className="col s4"
      >
        
        s
      </div>
      <div
        className="col s4"
      >
        
      </div>
      <div
        className="col s4"
      >
        Relevance
      </div>
    </div>
  </div>
</div>
`;
